
 /----------------------------------------------------------------------------\
 |  yosys -- Yosys Open SYnthesis Suite                                       |
 |  Copyright (C) 2012 - 2026  Claire Xenia Wolf <claire@yosyshq.com>         |
 |  Distributed under an ISC-like license, type "license" to see terms        |
 \----------------------------------------------------------------------------/
 Yosys 0.66+152 (git sha1 a07c484ce, Release, Clang /usr/bin/clang++ 18.1.8)

-- Executing script file `design_smt2.ys' --

1. Executing RTLIL frontend.
Input filename: design_prep.il

2. Executing HIERARCHY pass (managing design hierarchy).
Attribute `top' found on module `Async_FIFO'. Setting top module to Async_FIFO.

2.1. Analyzing design hierarchy..
Top module:  \Async_FIFO
Used module:     $paramod$823999466288c90fc66a121a247ad477cc27bb8d\FIFO_memory
Used module:     $paramod\rptr_empty\ADDR_WIDTH=s32'00000000000000000000000000000100
Used module:     $paramod\two_ff_sync\WIDTH=s32'00000000000000000000000000000101
Used module:     $paramod\wptr_full\ADDR_WIDTH=s32'00000000000000000000000000000100

2.2. Analyzing design hierarchy..
Top module:  \Async_FIFO
Used module:     $paramod$823999466288c90fc66a121a247ad477cc27bb8d\FIFO_memory
Used module:     $paramod\rptr_empty\ADDR_WIDTH=s32'00000000000000000000000000000100
Used module:     $paramod\two_ff_sync\WIDTH=s32'00000000000000000000000000000101
Used module:     $paramod\wptr_full\ADDR_WIDTH=s32'00000000000000000000000000000100
Removed 0 unused modules.

3. Executing FORMALFF pass.

4. Executing DFFUNMAP pass (unmap clock enable and synchronous reset from FFs).

5. Printing statistics.

=== $paramod$823999466288c90fc66a121a247ad477cc27bb8d\FIFO_memory ===

        +----------Local Count, excluding submodules.
        | 
       20 wires
       91 wire bits
        9 public wires
       39 public wire bits
        7 ports
       27 port bits
       14 cells
        2   $anyseq
        1   $eqx
        4   $ff
        1   $logic_and
        1   $logic_not
        1   $mem_v2
        4   $mux

=== $paramod\rptr_empty\ADDR_WIDTH=s32'00000000000000000000000000000100 ===

        +----------Local Count, excluding submodules.
        | 
       29 wires
       92 wire bits
       11 public wires
       34 public wire bits
        7 ports
       18 port bits
       24 cells
        1   $add
        1   $and
        3   $anyinit
        1   $eq
        1   $eqx
        5   $ff
        9   $mux
        2   $not
        1   $xor

=== $paramod\two_ff_sync\WIDTH=s32'00000000000000000000000000000101 ===

        +----------Local Count, excluding submodules.
        | 
       17 wires
       61 wire bits
        5 public wires
       17 public wire bits
        4 ports
       12 port bits
       14 cells
        2   $anyinit
        1   $eqx
        4   $ff
        6   $mux
        1   $not

=== $paramod\wptr_full\ADDR_WIDTH=s32'00000000000000000000000000000100 ===

        +----------Local Count, excluding submodules.
        | 
       30 wires
       94 wire bits
       11 public wires
       34 public wire bits
        7 ports
       18 port bits
       25 cells
        1   $add
        1   $and
        3   $anyinit
        1   $eq
        1   $eqx
        5   $ff
        9   $mux
        3   $not
        1   $xor

=== Async_FIFO ===

        +----------Local Count, excluding submodules.
        | 
       16 wires
       52 wire bits
       16 public wires
       52 public wire bits
       10 ports
       24 port bits
        5 submodules
        1   $paramod$823999466288c90fc66a121a247ad477cc27bb8d\FIFO_memory
        1   $paramod\rptr_empty\ADDR_WIDTH=s32'00000000000000000000000000000100
        2   $paramod\two_ff_sync\WIDTH=s32'00000000000000000000000000000101
        1   $paramod\wptr_full\ADDR_WIDTH=s32'00000000000000000000000000000100

=== design hierarchy ===

        +----------Count including submodules.
        | 
       91 Async_FIFO
       14 $paramod$823999466288c90fc66a121a247ad477cc27bb8d\FIFO_memory
       24 $paramod\rptr_empty\ADDR_WIDTH=s32'00000000000000000000000000000100
       14 $paramod\two_ff_sync\WIDTH=s32'00000000000000000000000000000101
       25 $paramod\wptr_full\ADDR_WIDTH=s32'00000000000000000000000000000100

        +----------Count including submodules.
        | 
      129 wires
      451 wire bits
       57 public wires
      193 public wire bits
       39 ports
      111 port bits
        - memories
        - memory bits
        - processes
       91 cells
        2   $add
        2   $and
       10   $anyinit
        2   $anyseq
        2   $eq
        5   $eqx
       22   $ff
        1   $logic_and
        1   $logic_not
        1   $mem_v2
       34   $mux
        7   $not
        2   $xor
        5 submodules
        1   $paramod$823999466288c90fc66a121a247ad477cc27bb8d\FIFO_memory
        1   $paramod\rptr_empty\ADDR_WIDTH=s32'00000000000000000000000000000100
        2   $paramod\two_ff_sync\WIDTH=s32'00000000000000000000000000000101
        1   $paramod\wptr_full\ADDR_WIDTH=s32'00000000000000000000000000000100

6. Executing SMT2 backend.

6.1. Executing BMUXMAP pass.

6.2. Executing DEMUXMAP pass.
Creating SMT-LIBv2 representation of module $paramod\wptr_full\ADDR_WIDTH=s32'00000000000000000000000000000100.
Creating SMT-LIBv2 representation of module $paramod\two_ff_sync\WIDTH=s32'00000000000000000000000000000101.
Creating SMT-LIBv2 representation of module $paramod\rptr_empty\ADDR_WIDTH=s32'00000000000000000000000000000100.
Creating SMT-LIBv2 representation of module $paramod$823999466288c90fc66a121a247ad477cc27bb8d\FIFO_memory.
Creating SMT-LIBv2 representation of module Async_FIFO.

End of script. Logfile hash: ebd812065c, time: 0.01s, user: 0.01s, system: 0.02s, MEM: 15.23 MB peak
Yosys 0.66+152 (git sha1 a07c484ce, Release, Clang /usr/bin/clang++ 18.1.8)
Time spent: 58% 2x write_smt2 (0 sec), 17% 1x stat (0 sec), ...
